// Jest Snapshot v1, https://goo.gl/fbAQLP

exports[`pruebas GifExpertApp debe de mostrarse correctamente 1`] = `
<div>
  <h2>
    Gif Searcher
  </h2>
  <AddCategory
    setCategories={[Function]}
  />
  <hr />
  <ol />
</div>
`;
